// Jest Snapshot v1, https://goo.gl/fbAQLP

exports[`renders onboard 1`] = `
<div
  class="StyledGrommet-sc-19lkkz7-0 fZoPPO"
  style="min-height: 100%;"
>
  <div
    class="StyledBox-sc-13pk1d4-0 EZpdJ"
  >
    <div
      class="StyledBox-sc-13pk1d4-0 fJfQVO"
    >
      <h1
        class="StyledHeading-sc-1rdh4aw-0 bozgir"
      >
        Hi!
      </h1>
      <p
        class="StyledParagraph-tbetod-0 gfTpGC"
      >
        Are you ready to make decisions about your health based on more than just guesswork?
      </p>
      <form>
        <div
          class="StyledBox-sc-13pk1d4-0 bDztYr FormField__FormFieldBox-m9hood-0 eenrNp"
        >
          <label
            class="StyledText-sc-1sadyjn-0 enbIRN"
          >
            Your name
          </label>
          <div
            class="StyledBox-sc-13pk1d4-0 kpwHpK FormField__FormFieldContentBox-m9hood-1 ckZStK"
          >
            <div
              class="StyledTextInput__StyledTextInputContainer-sc-1x30a0s-1 ksQrmr"
            >
              <input
                autocomplete="off"
                class="StyledTextInput-sc-1x30a0s-0 jsQcHW"
                name="name"
                value=""
              />
            </div>
          </div>
        </div>
        <div
          class="StyledBox-sc-13pk1d4-0 bDztYr FormField__FormFieldBox-m9hood-0 eenrNp"
        >
          <label
            class="StyledText-sc-1sadyjn-0 enbIRN"
          >
            Your email
          </label>
          <div
            class="StyledBox-sc-13pk1d4-0 kpwHpK FormField__FormFieldContentBox-m9hood-1 ckZStK"
          >
            <div
              class="StyledTextInput__StyledTextInputContainer-sc-1x30a0s-1 ksQrmr"
            >
              <input
                autocomplete="off"
                class="StyledTextInput-sc-1x30a0s-0 jsQcHW"
                name="email"
                type="email"
                value=""
              />
            </div>
          </div>
        </div>
        <div
          class="StyledBox-sc-13pk1d4-0 bDztYr FormField__FormFieldBox-m9hood-0 eenrNp"
        >
          <label
            class="StyledText-sc-1sadyjn-0 enbIRN"
          >
            Choose a password
          </label>
          <div
            class="StyledBox-sc-13pk1d4-0 kpwHpK FormField__FormFieldContentBox-m9hood-1 ckZStK"
          >
            <div
              class="StyledTextInput__StyledTextInputContainer-sc-1x30a0s-1 ksQrmr"
            >
              <input
                autocomplete="off"
                class="StyledTextInput-sc-1x30a0s-0 jsQcHW"
                name="password"
                type="password"
                value=""
              />
            </div>
          </div>
        </div>
        <div
          class="StyledBox-sc-13pk1d4-0 cnjoFA"
        >
          <button
            class="StyledButtonKind-sc-1vhfpnt-0 jiUGCi"
            kind="primary"
            title="get started"
            type="submit"
          >
            Get Started
          </button>
        </div>
      </form>
      <div
        class="StyledBox-sc-13pk1d4-0 jDyrvX"
      >
        <button
          class="StyledButtonKind-sc-1vhfpnt-0 Gjrpb"
          kind="default"
          type="button"
        >
          Sign In
        </button>
      </div>
    </div>
  </div>
</div>
`;

exports[`renders onboard 2`] = `
<div
  class="StyledGrommet-sc-19lkkz7-0 fZoPPO"
  style="min-height: 100%;"
>
  <div
    class="StyledBox-sc-13pk1d4-0 EZpdJ"
  >
    <div
      class="StyledBox-sc-13pk1d4-0 fJfQVO"
    >
      <h1
        class="StyledHeading-sc-1rdh4aw-0 bozgir"
      >
        Hi!
      </h1>
      <p
        class="StyledParagraph-tbetod-0 gfTpGC"
      >
        Are you ready to make decisions about your health based on more than just guesswork?
      </p>
      <form>
        <div
          class="StyledBox-sc-13pk1d4-0 bDztYr FormField__FormFieldBox-m9hood-0 eenrNp"
        >
          <label
            class="StyledText-sc-1sadyjn-0 enbIRN"
          >
            Your name
          </label>
          <div
            class="StyledBox-sc-13pk1d4-0 kpwHpK FormField__FormFieldContentBox-m9hood-1 ckZStK"
          >
            <div
              class="StyledTextInput__StyledTextInputContainer-sc-1x30a0s-1 ksQrmr"
            >
              <input
                autocomplete="off"
                class="StyledTextInput-sc-1x30a0s-0 jsQcHW"
                name="name"
                value=""
              />
            </div>
          </div>
        </div>
        <div
          class="StyledBox-sc-13pk1d4-0 bDztYr FormField__FormFieldBox-m9hood-0 eenrNp"
        >
          <label
            class="StyledText-sc-1sadyjn-0 enbIRN"
          >
            Your email
          </label>
          <div
            class="StyledBox-sc-13pk1d4-0 kpwHpK FormField__FormFieldContentBox-m9hood-1 ckZStK"
          >
            <div
              class="StyledTextInput__StyledTextInputContainer-sc-1x30a0s-1 ksQrmr"
            >
              <input
                autocomplete="off"
                class="StyledTextInput-sc-1x30a0s-0 jsQcHW"
                name="email"
                type="email"
                value=""
              />
            </div>
          </div>
        </div>
        <div
          class="StyledBox-sc-13pk1d4-0 bDztYr FormField__FormFieldBox-m9hood-0 eenrNp"
        >
          <label
            class="StyledText-sc-1sadyjn-0 enbIRN"
          >
            Choose a password
          </label>
          <div
            class="StyledBox-sc-13pk1d4-0 kpwHpK FormField__FormFieldContentBox-m9hood-1 ckZStK"
          >
            <div
              class="StyledTextInput__StyledTextInputContainer-sc-1x30a0s-1 ksQrmr"
            >
              <input
                autocomplete="off"
                class="StyledTextInput-sc-1x30a0s-0 jsQcHW"
                name="password"
                type="password"
                value=""
              />
            </div>
          </div>
        </div>
        <div
          class="StyledBox-sc-13pk1d4-0 cnjoFA"
        >
          <button
            class="StyledButtonKind-sc-1vhfpnt-0 jiUGCi"
            kind="primary"
            title="get started"
            type="submit"
          >
            Get Started
          </button>
        </div>
      </form>
      <div
        class="StyledBox-sc-13pk1d4-0 jDyrvX"
      >
        <button
          class="StyledButtonKind-sc-1vhfpnt-0 Gjrpb"
          kind="default"
          type="button"
        >
          Sign In
        </button>
      </div>
    </div>
  </div>
</div>
`;
